  Determining projects to restore...
  All projects are up-to-date for restore.
  Inventory.Domain -> C:\Projects\Decode\Microservices\Inventory\Inventory.Domain\bin\Debug\net10.0\Inventory.Domain.dll
C:\Projects\Decode\Microservices\Inventory\Inventory.Application\Stock\Commands\MoveToExpiredRack\MoveToExpiredRackHandler.cs(15,26): error CS0246: The type or namespace name 'IApplicationDbContext' could not be found (are you missing a using directive or an assembly reference?) [C:\Projects\Decode\Microservices\Inventory\Inventory.Application\Inventory.Application.csproj]
C:\Projects\Decode\Microservices\Inventory\Inventory.Application\Stock\Commands\MoveToExpiredRack\MoveToExpiredRackHandler.cs(17,41): error CS0246: The type or namespace name 'IApplicationDbContext' could not be found (are you missing a using directive or an assembly reference?) [C:\Projects\Decode\Microservices\Inventory\Inventory.Application\Inventory.Application.csproj]

Build FAILED.

C:\Projects\Decode\Microservices\Inventory\Inventory.Application\Stock\Commands\MoveToExpiredRack\MoveToExpiredRackHandler.cs(15,26): error CS0246: The type or namespace name 'IApplicationDbContext' could not be found (are you missing a using directive or an assembly reference?) [C:\Projects\Decode\Microservices\Inventory\Inventory.Application\Inventory.Application.csproj]
C:\Projects\Decode\Microservices\Inventory\Inventory.Application\Stock\Commands\MoveToExpiredRack\MoveToExpiredRackHandler.cs(17,41): error CS0246: The type or namespace name 'IApplicationDbContext' could not be found (are you missing a using directive or an assembly reference?) [C:\Projects\Decode\Microservices\Inventory\Inventory.Application\Inventory.Application.csproj]
    0 Warning(s)
    2 Error(s)

Time Elapsed 00:00:01.36
